05/07/2023 20:19:07:  AimingAtClient = 0 Pitch = -10.615003 Yaw = 83.164848 Client = 1 
05/07/2023 20:19:07:  AimingAtClient = 0 Pitch = -10.285004 Yaw = 82.614845 Client = 1 
05/07/2023 20:19:07:  AimingAtClient = 0 Pitch = -10.065004 Yaw = 82.119842 Client = 1 
05/07/2023 20:19:07:  AimingAtClient = 0 Pitch = -9.845004 Yaw = 81.679840 Client = 1 
05/07/2023 20:19:07:  AimingAtClient = 0 Pitch = -9.680004 Yaw = 81.459838 Client = 1 
05/07/2023 20:19:07:  AimingAtClient = 0 Pitch = -9.515003 Yaw = 81.184837 Client = 1 
05/07/2023 20:19:07:  AimingAtClient = 0 Pitch = -9.350002 Yaw = 80.964836 Client = 1 
05/07/2023 20:19:07:  AimingAtClient = 0 Pitch = -9.240001 Yaw = 80.744834 Client = 1 
05/07/2023 20:19:07:  AimingAtClient = 0 Pitch = -9.075000 Yaw = 80.414833 Client = 1 
05/07/2023 20:19:07:  AimingAtClient = 0 Pitch = -8.965000 Yaw = 80.249832 Client = 1 
05/07/2023 20:19:07:  AimingAtClient = 0 Pitch = -8.854999 Yaw = 80.029830 Client = 1 
05/07/2023 20:19:07:  AimingAtClient = 0 Pitch = -8.799999 Yaw = 79.809829 Client = 1 
05/07/2023 20:19:07:  AimingAtClient = 0 Pitch = -8.689998 Yaw = 79.644828 Client = 1 
05/07/2023 20:19:07:  AimingAtClient = 0 Pitch = -8.634998 Yaw = 79.314826 Client = 1 
05/07/2023 20:19:07:  AimingAtClient = 0 Pitch = -8.579998 Yaw = 79.149826 Client = 1 
05/07/2023 20:19:07:  AimingAtClient = 1 Pitch = -8.579998 Yaw = 78.984825 Client = 1 
05/07/2023 20:19:07:  AimingAtClient = 1 Pitch = -8.579998 Yaw = 78.874824 Client = 1 
05/07/2023 20:19:08:  AimingAtClient = 1 Pitch = -8.469997 Yaw = 75.794807 Client = 1 
05/07/2023 20:19:08:  AimingAtClient = 1 Pitch = -8.469997 Yaw = 75.794807 Client = 1 
05/07/2023 20:19:08:  AimingAtClient = 1 Pitch = -8.469997 Yaw = 75.794807 Client = 1 
05/07/2023 20:19:08:  AimingAtClient = 0 Pitch = -8.414997 Yaw = 75.794807 Client = 1 
05/07/2023 20:19:08:  AimingAtClient = 0 Pitch = -8.359996 Yaw = 75.849807 Client = 1 
05/07/2023 20:19:08:  AimingAtClient = 0 Pitch = -8.194995 Yaw = 76.014808 Client = 1 
05/07/2023 20:19:08:  AimingAtClient = 1 Pitch = -7.919996 Yaw = 76.179809 Client = 1 
05/07/2023 20:19:08:  AimingAtClient = 1 Pitch = -7.809996 Yaw = 76.289810 Client = 1 
05/07/2023 20:19:08:  AimingAtClient = 1 Pitch = -7.754996 Yaw = 76.344810 Client = 1 
05/07/2023 20:19:08:  AimingAtClient = 1 Pitch = -7.754996 Yaw = 76.344810 Client = 1 